---
source: logos-codegen/tests/codegen.rs
expression: formatted
---
impl<'s> ::logos::Logos<'s> for Token {
    type Error = ();
    type Extras = ();
    type Source = str;
    fn lex(
        lex: &mut ::logos::Lexer<'s, Self>,
    ) -> std::option::Option<std::result::Result<Self, Self::Error>> {
        fn _logos_derive_compile_errors() {
            {
                compile_error!(
                    "Expected #[logos(skip(\"regex literal\"[, [callback = ] callback, priority = priority]))]"
                )
            }
            {
                compile_error!(
                    "Expected a named argument at this position\n\nhint: If you are trying to define a callback here use: callback = ..."
                )
            }
            { compile_error!("Expected: priority = <integer>") }
            { compile_error!("Expected an unsigned integer") }
            { compile_error!("Resetting previously set priority") }
            {
                compile_error!(
                    "Inline callbacks must use closure syntax with exactly one parameter"
                )
            }
            { compile_error!("Callback has been already set") }
            { compile_error!("Previous callback set here") }
            { compile_error!("Expected: callback = ...") }
            {
                compile_error!(
                    "Unknown nested attribute: unknown\n\nExpected: callback or priority"
                )
            }
            {
                compile_error!(
                    "Expected: #[logos(skip \"regex literal\")] or #[logos(skip(...))]"
                )
            }
            { compile_error!("expected literal") }
            {
                compile_error!(
                    "Expected #[logos(skip(\"regex literal\"[, [callback = ] callback, priority = priority]))]"
                )
            }
            { compile_error!("Expected a &str or &[u8] slice") }
            { compile_error!("Invalid nested attribute") }
            {
                compile_error!(
                    "The following variants can all match simultaneously: `Leaf { pattern: Pattern { source: \"a\", hir: Literal(\"a\") }, span: Span, priority: 2, kind: Skip, callback: None }`, `Leaf { pattern: Pattern { source: \"a\", hir: Literal(\"a\") }, span: Span, priority: 2, kind: Skip, callback: Some(Inline(InlineCallback { arg: Ident(_), body: TokenStream [], span: Span })) }`, `Leaf { pattern: Pattern { source: \"a\", hir: Literal(\"a\") }, span: Span, priority: 2, kind: Unit(Ident(A)), callback: None }`"
                )
            }
        }
    }
}
