---
source: logos-codegen/tests/export.rs
expression: generated_mermaid
---
flowchart TB
n0["State 0"]
style n0 stroke:#000000
n0-->|"a..=r|t..=z"|n1
n0-->|"s"|n2
n1["State 1"]
style n1 stroke:#00C853
n2["State 2"]
style n2 stroke:#00C853
n2-->|"t"|n3
n3["State 3"]
style n3 stroke:#000000
n3-->|"r"|n4
n4["State 4"]
style n4 stroke:#00C853
n4-->|"a..=t|v..=z"|n5
n4-->|"u"|n6
n5["State 5"]
style n5 stroke:#00C853
n5-->|"a..=z"|n5
n6["State 6"]
style n6 stroke:#00C853
n6-->|"a..=b|d..=z"|n5
n6-->|"c"|n7
n7["State 7"]
style n7 stroke:#00C853
n7-->|"a..=s|u..=z"|n5
n7-->|"t"|n8
n8["State 8"]
style n8 stroke:#00C853
n8-->|"a..=z"|n5
