---
source: logos-cli/tests/tests.rs
expression: output
---
#[derive(Debug, Clone, Copy, PartialEq)]
enum Token {
    Letter,
}
impl<'s> ::logos::Logos<'s> for Token {
    type Error = ();
    type Extras = ();
    type Source = str;
    fn lex(
        lex: &mut ::logos::Lexer<'s, Self>,
    ) -> std::option::Option<std::result::Result<Self, Self::Error>> {
        use logos::internal::{
            CallbackResult, CallbackRetVal, LexerInternal, SkipResult, SkipRetVal,
        };
        use logos::Logos;
        use std::option::Option as _Option;
        use std::result::Result as _Result;
        type _Lexer<'s> = ::logos::Lexer<'s, Token>;
        #[inline]
        fn _make_error<'s>(lex: &mut _Lexer<'s>) -> <Token as Logos<'s>>::Error {
            <Token as Logos<'s>>::Error::default()
        }
        fn state1024_ctx0<'s>(
            lex: &mut _Lexer<'s>,
            mut offset: usize,
        ) -> _Option<_Result<Token, <Token as Logos<'s>>::Error>> {
            lex.end(offset - 1);
            match lex.read::<u8>(offset) {
                other => {
                    if other.is_none() {}
                    return Some(Ok(Token::Letter));
                }
            }
        }
        fn state1536<'s>(
            lex: &mut _Lexer<'s>,
            mut offset: usize,
        ) -> _Option<_Result<Token, <Token as Logos<'s>>::Error>> {
            match lex.read::<u8>(offset) {
                Some(b'a') => {
                    offset += 1;
                    return state3072(lex, offset);
                }
                other => {
                    if other.is_none() {
                        if lex.offset() == offset {
                            return None;
                        }
                    }
                    lex.end_to_boundary(offset + if other.is_some() { 1 } else { 0 });
                    return Some(Err(_make_error(lex)));
                }
            }
        }
        fn state2048<'s>(
            lex: &mut _Lexer<'s>,
            mut offset: usize,
        ) -> _Option<_Result<Token, <Token as Logos<'s>>::Error>> {
            match lex.read::<u8>(offset) {
                Some(b'z') => {
                    offset += 1;
                    return state2560(lex, offset);
                }
                other => {
                    if other.is_none() {}
                    lex.end_to_boundary(offset + if other.is_some() { 1 } else { 0 });
                    return Some(Err(_make_error(lex)));
                }
            }
        }
        fn state2560<'s>(
            lex: &mut _Lexer<'s>,
            mut offset: usize,
        ) -> _Option<_Result<Token, <Token as Logos<'s>>::Error>> {
            match lex.read::<u8>(offset) {
                Some(0u8..=255u8) => {
                    offset += 1;
                    return state1024_ctx0(lex, offset);
                }
                other => {
                    if other.is_none() {
                        offset += 1;
                        return state1024_ctx0(lex, offset);
                    }
                    lex.end_to_boundary(offset + if other.is_some() { 1 } else { 0 });
                    return Some(Err(_make_error(lex)));
                }
            }
        }
        fn state3072<'s>(
            lex: &mut _Lexer<'s>,
            mut offset: usize,
        ) -> _Option<_Result<Token, <Token as Logos<'s>>::Error>> {
            match lex.read::<u8>(offset) {
                Some(b'-') => {
                    offset += 1;
                    return state2048(lex, offset);
                }
                other => {
                    if other.is_none() {}
                    lex.end_to_boundary(offset + if other.is_some() { 1 } else { 0 });
                    return Some(Err(_make_error(lex)));
                }
            }
        }
        state1536(lex, lex.offset())
    }
}
