---
source: logos-codegen/src/graph/export.rs
expression: mmd
---
flowchart TB
n0["State 0"]
style n0 stroke:#000000
en0n3{"e"}
style en0n3 stroke:#000000
n0-->en0n3
en0n3-->n3
n1["State 1"]
style n1 stroke:#000000
en1n2{"f"}
style en1n2 stroke:#000000
n1-->en1n2
en1n2-->n2
n2["State 2<br>early(0)"]
style n2 stroke:#00C853
en2n0{"e"}
style en2n0 stroke:#000000
n2-->en2n0
en2n0-->n0
n3["State 3<br>early(0)"]
style n3 stroke:#00C853
