---
source: logos-codegen/src/graph/export.rs
expression: dot
---
digraph {
node[shape=box];
splines=ortho;
n0[label="State 0",color=black];
n0->n1 [label="f"];
n1[label="State 1",color=black];
n1->n2 [label="\\x00..=d|f..=\\xff"];
n1->n3 [label="e"];
n1->n2 [label="EOI"];
n2[label="State 2",color=green];
n3[label="State 3",color=green];
n3->n2 [label="\\x00..=d|f..=\\xff"];
n3->n4 [label="e"];
n3->n2 [label="EOI"];
n4[label="State 4",color=green];
n4->n2 [label="\\x00..=\\xff"];
n4->n2 [label="EOI"];
}
