---
source: logos-codegen/src/graph/export.rs
expression: dot
---
digraph {
node[shape=box];
splines=ortho;
n0[label="State 0",color=black];
n1[label="State 1",color=black];
n2[label="State 2",color=green];
n2->n3 [label="e"];
n3[label="State 3",color=green];
n4[label="State 4",color=black];
n4->n5 [label="f"];
n5[label="State 5",color=green];
n5->n2 [label="e"];
}
