---
source: logos-codegen/src/graph/export.rs
expression: dot
---
digraph {
node[shape=box];
splines=ortho;
n0[label="State 0",color=black];
n0->n4 [label="r"];
n1[label="State 1",color=black];
n1->n2 [label="p"];
n2[label="State 2",color=black];
n2->n3 [label="e"];
n3[label="State 3",color=green];
n4[label="State 4",color=black];
n4->n1 [label="o"];
}
