---
source: logos-codegen/src/graph/export.rs
expression: dot
---
digraph {
node[shape=box];
splines=ortho;
n0[label="State 0",color=black];
n1[label="State 1",color=black];
n2[label="State 2",color=black];
n2->n6 [label="r"];
n3[label="State 3",color=black];
n3->n4 [label="p"];
n4[label="State 4",color=black];
n4->n5 [label="e"];
n5[label="State 5",color=green];
n6[label="State 6",color=black];
n6->n3 [label="o"];
}
